{
    "Should process the mobilome prokka gff file": {
        "content": [
            {
                "0": [
                    "mobilome_clean.gff:md5,921a580f47ae19d8d322c0c651c2ce35"
                ],
                "1": [
                    "mobilome_extra.gff:md5,e47629cbc74dc1ad1f75a737b41a86ff"
                ],
                "2": [
                    "mobilome_nogenes.gff:md5,ccb81bb84e850a93dd5e819a0880781f"
                ],
                "mobilome_clean": [
                    "mobilome_clean.gff:md5,921a580f47ae19d8d322c0c651c2ce35"
                ],
                "mobilome_extra": [
                    "mobilome_extra.gff:md5,e47629cbc74dc1ad1f75a737b41a86ff"
                ],
                "mobilome_nogenes": [
                    "mobilome_nogenes.gff:md5,ccb81bb84e850a93dd5e819a0880781f"
                ]
            }
        ],
        "timestamp": "2024-05-29T12:52:25.795589494"
    }
}