{
    "The intagrator moduel should run without failures": {
        "content": [
            {
                "0": [
                    "mobilome_prokka.gff:md5,d4345fd8c69c774fe5a3f0889c7e3b1a"
                ],
                "1": [
                    "overlapping_integrons.txt:md5,e2d7554da63a742d0e622d6c773439ea"
                ],
                "2": [
                    "discarded_mge.txt:md5,d41d8cd98f00b204e9800998ecf8427e"
                ],
                "mobilome_prokka_gff": [
                    "mobilome_prokka.gff:md5,d4345fd8c69c774fe5a3f0889c7e3b1a"
                ]
            }
        ],
        "timestamp": "2024-05-29T13:00:47.66038931"
    }
}