{
    "Should process run virify_qc successfully": {
        "content": [
            {
                "0": [
                    "virify_hq.gff:md5,27f8d1cc41da488c6f212e9c2d10b9a8"
                ],
                "virify_hq": [
                    "virify_hq.gff:md5,27f8d1cc41da488c6f212e9c2d10b9a8"
                ]
            }
        ],
        "timestamp": "2023-11-28T17:01:43.022476"
    }
}