{
    "Negative test of the mobile elements detection skipping pathofact annotation. Expect empty gff output file": {
        "content": [
            23,
            [
                "neg_test",
                "neg_test/gff",
                "neg_test/gff/neg_test_mobilome.gff.gz",
                "neg_test/gff/neg_test_mobilome_clean.gff.gz",
                "neg_test/gff/neg_test_mobilome_clean.gff.gz.csi",
                "neg_test/gff/neg_test_mobilome_clean.gff.gz.gzi",
                "neg_test/gff/neg_test_mobilome_extra.gff.gz",
                "neg_test/gff/neg_test_mobilome_extra.gff.gz.csi",
                "neg_test/gff/neg_test_mobilome_extra.gff.gz.gzi",
                "neg_test/gff/neg_test_mobilome_full.gff.gz",
                "neg_test/gff/neg_test_mobilome_full.gff.gz.csi",
                "neg_test/gff/neg_test_mobilome_full.gff.gz.gzi",
                "neg_test/neg_test_discarded_mge.txt",
                "neg_test/neg_test_mobilome.fasta.gz",
                "neg_test/neg_test_overlap_report.txt",
                "neg_test/prediction",
                "neg_test/prediction/genomad",
                "neg_test/prediction/genomad/neg_test_5kb_contigs_plasmid_summary.tsv",
                "neg_test/prediction/genomad/neg_test_5kb_contigs_virus_summary.tsv",
                "neg_test/prediction/integronfinder",
                "neg_test/prediction/integronfinder/contig_dummy.gbk",
                "neg_test/prediction/integronfinder/contig_dummy.summary",
                "neg_test/prediction/isescan",
                "neg_test/prediction/isescan/neg_test_1kb_contigs.fasta.tsv",
                "neg_test/preprocessing",
                "neg_test/preprocessing/neg_test_100kb_contigs.fasta",
                "neg_test/preprocessing/neg_test_1kb_contigs.fasta",
                "neg_test/preprocessing/neg_test_5kb_contigs.fasta",
                "neg_test/preprocessing/neg_test_contigID.map",
                "pipeline_info"
            ],
            [
                "neg_test_mobilome.gff.gz:md5,df19e1b84ba6f691d20c72b397c88abf",
                "neg_test_mobilome_clean.gff.gz:md5,df19e1b84ba6f691d20c72b397c88abf",
                "neg_test_mobilome_clean.gff.gz.csi:md5,812c0d392568c42e03b6f375de8b6424",
                "neg_test_mobilome_extra.gff.gz:md5,df19e1b84ba6f691d20c72b397c88abf",
                "neg_test_mobilome_extra.gff.gz.csi:md5,812c0d392568c42e03b6f375de8b6424",
                "neg_test_mobilome_full.gff.gz:md5,9eb24c75ce7bf249344222195faa1a3c",
                "neg_test_mobilome_full.gff.gz.csi:md5,43c73f50d36a9f405cdc9cd8d94b8ee5",
                "neg_test_discarded_mge.txt:md5,d41d8cd98f00b204e9800998ecf8427e",
                "neg_test_mobilome.fasta.gz:md5,d41d8cd98f00b204e9800998ecf8427e",
                "neg_test_overlap_report.txt:md5,009fc7891415a47b1f07493101509b73",
                "neg_test_5kb_contigs_plasmid_summary.tsv:md5,8c4ddaa8a90da779c11537be0fddb799",
                "neg_test_5kb_contigs_virus_summary.tsv:md5,aafc334566eab51ff2ffb3f5a89dacdb",
                "contig_dummy.gbk:md5,d41d8cd98f00b204e9800998ecf8427e",
                "contig_dummy.summary:md5,d41d8cd98f00b204e9800998ecf8427e",
                "neg_test_1kb_contigs.fasta.tsv:md5,d41d8cd98f00b204e9800998ecf8427e",
                "neg_test_100kb_contigs.fasta:md5,d41d8cd98f00b204e9800998ecf8427e",
                "neg_test_1kb_contigs.fasta:md5,a301525f168ccc5f0d5021d3d2dd81e4",
                "neg_test_5kb_contigs.fasta:md5,7fc9295aef993dabd358cba1eb569a11",
                "neg_test_contigID.map:md5,ee5ba049c3a2a21071310f387b9ed274"
            ]
        ],
        "meta": {
            "nf-test": "0.9.2",
            "nextflow": "24.10.4"
        },
        "timestamp": "2026-07-08T12:39:38.075625691"
    },
    "Pathofact integration test with annotation manifest. Expected a report of proteins with relevant annotation": {
        "content": [
            38,
            [
                "MGYG000528118_sub",
                "MGYG000528118_sub/MGYG000528118_sub_combined_report.tsv",
                "MGYG000528118_sub/MGYG000528118_sub_discarded_mge.txt",
                "MGYG000528118_sub/MGYG000528118_sub_mobilome.fasta.gz",
                "MGYG000528118_sub/MGYG000528118_sub_overlap_report.txt",
                "MGYG000528118_sub/gff",
                "MGYG000528118_sub/gff/MGYG000528118_sub_mobilome.gff.gz",
                "MGYG000528118_sub/gff/MGYG000528118_sub_user_mobilome_clean.gff.gz",
                "MGYG000528118_sub/gff/MGYG000528118_sub_user_mobilome_clean.gff.gz.csi",
                "MGYG000528118_sub/gff/MGYG000528118_sub_user_mobilome_clean.gff.gz.gzi",
                "MGYG000528118_sub/gff/MGYG000528118_sub_user_mobilome_extra.gff.gz",
                "MGYG000528118_sub/gff/MGYG000528118_sub_user_mobilome_extra.gff.gz.csi",
                "MGYG000528118_sub/gff/MGYG000528118_sub_user_mobilome_extra.gff.gz.gzi",
                "MGYG000528118_sub/gff/MGYG000528118_sub_user_mobilome_full.gff.gz",
                "MGYG000528118_sub/gff/MGYG000528118_sub_user_mobilome_full.gff.gz.csi",
                "MGYG000528118_sub/gff/MGYG000528118_sub_user_mobilome_full.gff.gz.gzi",
                "MGYG000528118_sub/prediction",
                "MGYG000528118_sub/prediction/amr_genes",
                "MGYG000528118_sub/prediction/amr_genes/rgi",
                "MGYG000528118_sub/prediction/amr_genes/rgi/MGYG000528118_sub.txt",
                "MGYG000528118_sub/prediction/bgcs",
                "MGYG000528118_sub/prediction/bgcs/MGYG000528118_sub_bgcs.gff",
                "MGYG000528118_sub/prediction/bgcs/MGYG000528118_sub_bgcs.json",
                "MGYG000528118_sub/prediction/compositional_outliers",
                "MGYG000528118_sub/prediction/compositional_outliers/MGYG000528118_sub_100kb_contigs.1.bed",
                "MGYG000528118_sub/prediction/genomad",
                "MGYG000528118_sub/prediction/genomad/MGYG000528118_sub_5kb_contigs_plasmid_summary.tsv",
                "MGYG000528118_sub/prediction/genomad/MGYG000528118_sub_5kb_contigs_virus_summary.tsv",
                "MGYG000528118_sub/prediction/integronfinder",
                "MGYG000528118_sub/prediction/integronfinder/MGYG000528118_sub_100kb_contigs.summary",
                "MGYG000528118_sub/prediction/integronfinder/contig_1.gbk",
                "MGYG000528118_sub/prediction/isescan",
                "MGYG000528118_sub/prediction/isescan/MGYG000528118_sub_1kb_contigs.fasta.tsv",
                "MGYG000528118_sub/prediction/virulence",
                "MGYG000528118_sub/prediction/virulence/MGYG000528118_sub_pathofact2.gff",
                "MGYG000528118_sub/preprocessing",
                "MGYG000528118_sub/preprocessing/MGYG000528118_sub_100kb_contigs.fasta",
                "MGYG000528118_sub/preprocessing/MGYG000528118_sub_1kb_contigs.fasta",
                "MGYG000528118_sub/preprocessing/MGYG000528118_sub_5kb_contigs.fasta",
                "MGYG000528118_sub/preprocessing/MGYG000528118_sub_contigID.map",
                "pipeline_info"
            ],
            [
                "MGYG000528118_sub_combined_report.tsv:md5,551b1840e332cc6ccb67049c6dd1e4bc",
                "MGYG000528118_sub_discarded_mge.txt:md5,d41d8cd98f00b204e9800998ecf8427e",
                "MGYG000528118_sub_mobilome.fasta.gz:md5,6c831a87595d8427b6c14fa64b7acd77",
                "MGYG000528118_sub_overlap_report.txt:md5,009fc7891415a47b1f07493101509b73",
                "MGYG000528118_sub_mobilome.gff.gz:md5,f778614ca5af1075d615603e15f0ac73",
                "MGYG000528118_sub_user_mobilome_clean.gff.gz:md5,a660aabfa5d3ddc0756667bcf9fc15a5",
                "MGYG000528118_sub_user_mobilome_clean.gff.gz.csi:md5,03238dc76728dc458709736cab53814c",
                "MGYG000528118_sub_user_mobilome_extra.gff.gz:md5,dfc20efd95619b0707598326349c128f",
                "MGYG000528118_sub_user_mobilome_extra.gff.gz.csi:md5,11bb5b1efee88c6f2969c3c37a032df6",
                "MGYG000528118_sub_user_mobilome_full.gff.gz:md5,5fe761f8cfcfd384c45dafefde1a91cc",
                "MGYG000528118_sub_user_mobilome_full.gff.gz.csi:md5,b2e1a9b28d015607fe5868fb18581b27",
                "MGYG000528118_sub.txt:md5,601f0a16c0e999c2c5272d81f61bdf2f",
                "MGYG000528118_sub_bgcs.gff:md5,85a5f38b14921b6256cf808d3e89c54b",
                "MGYG000528118_sub_100kb_contigs.1.bed:md5,ce61c2fc1ece2d1738d7cbb8fe5583bd",
                "MGYG000528118_sub_5kb_contigs_plasmid_summary.tsv:md5,8c4ddaa8a90da779c11537be0fddb799",
                "MGYG000528118_sub_5kb_contigs_virus_summary.tsv:md5,aafc334566eab51ff2ffb3f5a89dacdb",
                "contig_1.gbk:md5,4fa5d9684893b6e752413ad952da5866",
                "MGYG000528118_sub_1kb_contigs.fasta.tsv:md5,d41d8cd98f00b204e9800998ecf8427e",
                "MGYG000528118_sub_pathofact2.gff:md5,cd7b0d1cf432cda22ff826f7782a0579",
                "MGYG000528118_sub_100kb_contigs.fasta:md5,3bfa2eb92880a330da8d913fec58e2bb",
                "MGYG000528118_sub_1kb_contigs.fasta:md5,3bfa2eb92880a330da8d913fec58e2bb",
                "MGYG000528118_sub_5kb_contigs.fasta:md5,3bfa2eb92880a330da8d913fec58e2bb",
                "MGYG000528118_sub_contigID.map:md5,65e68cd498b70c70915905456519b6e5"
            ]
        ],
        "meta": {
            "nf-test": "0.9.2",
            "nextflow": "24.10.4"
        },
        "timestamp": "2026-07-08T12:59:06.870494258"
    },
    "Positive test: mobilome-only run on the pos_test assembly covering IS, integron, ICE, plasmid, prophage (VIRify), and CO": {
        "content": [
            32,
            [
                "pipeline_info",
                "pos_test",
                "pos_test/gff",
                "pos_test/gff/pos_test_mobilome.gff.gz",
                "pos_test/gff/pos_test_mobilome_clean.gff.gz",
                "pos_test/gff/pos_test_mobilome_clean.gff.gz.csi",
                "pos_test/gff/pos_test_mobilome_clean.gff.gz.gzi",
                "pos_test/gff/pos_test_mobilome_extra.gff.gz",
                "pos_test/gff/pos_test_mobilome_extra.gff.gz.csi",
                "pos_test/gff/pos_test_mobilome_extra.gff.gz.gzi",
                "pos_test/gff/pos_test_mobilome_full.gff.gz",
                "pos_test/gff/pos_test_mobilome_full.gff.gz.csi",
                "pos_test/gff/pos_test_mobilome_full.gff.gz.gzi",
                "pos_test/pos_test_discarded_mge.txt",
                "pos_test/pos_test_mobilome.fasta.gz",
                "pos_test/pos_test_overlap_report.txt",
                "pos_test/prediction",
                "pos_test/prediction/compositional_outliers",
                "pos_test/prediction/compositional_outliers/pos_test_100kb_contigs.1.bed",
                "pos_test/prediction/genomad",
                "pos_test/prediction/genomad/checkv_quality_summary.tsv",
                "pos_test/prediction/genomad/pos_test_5kb_contigs_plasmid_summary.tsv",
                "pos_test/prediction/genomad/pos_test_5kb_contigs_virus_summary.tsv",
                "pos_test/prediction/icefinder2lite",
                "pos_test/prediction/icefinder2lite/pos_test_ice_genes.tsv",
                "pos_test/prediction/icefinder2lite/pos_test_ices.tsv",
                "pos_test/prediction/integronfinder",
                "pos_test/prediction/integronfinder/contig_7.gbk",
                "pos_test/prediction/integronfinder/pos_test_100kb_contigs.summary",
                "pos_test/prediction/isescan",
                "pos_test/prediction/isescan/pos_test_1kb_contigs.fasta.tsv",
                "pos_test/prediction/virify_filter",
                "pos_test/prediction/virify_filter/pos_test_virify_hq.gff",
                "pos_test/preprocessing",
                "pos_test/preprocessing/pos_test_100kb_contigs.fasta",
                "pos_test/preprocessing/pos_test_1kb_contigs.fasta",
                "pos_test/preprocessing/pos_test_5kb_contigs.fasta",
                "pos_test/preprocessing/pos_test_contigID.map"
            ],
            [
                "pos_test_mobilome.gff.gz:md5,2446229c56258ed546dbd266c90749fb",
                "pos_test_mobilome_clean.gff.gz:md5,67a57b5be047843b63b8347916ffe027",
                "pos_test_mobilome_clean.gff.gz.csi:md5,f7a115be3e7e1a4075ef62afa2299119",
                "pos_test_mobilome_extra.gff.gz:md5,f159be0e6bf696daafe21ea4e15ceaed",
                "pos_test_mobilome_extra.gff.gz.csi:md5,f47eb2fcc1ed57c8fe066bd356f7e506",
                "pos_test_mobilome_full.gff.gz:md5,fba2d8f1f31cc8c1fd9f273d665b4084",
                "pos_test_mobilome_full.gff.gz.csi:md5,ad4fde7b3e6b0cf82038cdccd773d843",
                "pos_test_discarded_mge.txt:md5,cb95cbdbde35c62c9ec7a7f7322f3a9d",
                "pos_test_mobilome.fasta.gz:md5,a2aef37a55f756b5a7ebc48065b165cc",
                "pos_test_overlap_report.txt:md5,dd99d385dd3d942b3a9d2cd89ccd726b",
                "pos_test_100kb_contigs.1.bed:md5,c33dbcfc010cc5a3beadcd4bf86e1832",
                "checkv_quality_summary.tsv:md5,1c40ba9f848a172866b88359fd935cf6",
                "pos_test_5kb_contigs_plasmid_summary.tsv:md5,85f4371044bb9727a2d4ed72315e2760",
                "pos_test_5kb_contigs_virus_summary.tsv:md5,f7213aa3ef195625c3c248907d97ced2",
                "pos_test_ices.tsv:md5,987cb27f63ab080016876e3b5f3324c8",
                "contig_7.gbk:md5,2432b7e9039ec4ad698e5e4e7bc23a9b",
                "pos_test_1kb_contigs.fasta.tsv:md5,1cdf1b699c9e04079d81a502ab1e071a",
                "pos_test_virify_hq.gff:md5,4c71713e35a11659782d6d3215c931c4",
                "pos_test_100kb_contigs.fasta:md5,f11994b14fb11cc575e0287748f4fc47",
                "pos_test_1kb_contigs.fasta:md5,7a677affb9f9f6c600647918a5e93bd9",
                "pos_test_5kb_contigs.fasta:md5,7a677affb9f9f6c600647918a5e93bd9",
                "pos_test_contigID.map:md5,8789f2f0ae143559b7610ed08f952988"
            ],
            [
                
            ]
        ],
        "meta": {
            "nf-test": "0.9.2",
            "nextflow": "24.10.4"
        },
        "timestamp": "2026-07-08T12:20:37.258533475"
    }
}